===== AUTH TESTS =====
PASS [Register teacher2] {"code":500,"msg":"用户名已存在","data":null,"success":false}
{"code":500,"msg":"用户名已存在","data":null,"success":false}
PASS [Register student2] {"code":500,"msg":"用户名已存在","data":null,"success":false}
{"code":500,"msg":"用户名已存在","data":null,"success":false}
powershell : ConvertFrom-Json : 无效的 JSON 基元: PASS。
所在位置 行:1 字符: 1
+ powershell -ExecutionPolicy Bypass -File test-api.ps1 2>&1 | Out-File ...
+ ~~~~~~~~~~~~~~~~~~~~~~~~~~~~~~~~~~~~~~~~~~~~~~~~~~~~~~~~~~
    + CategoryInfo          : NotSpecified: (ConvertFrom-Json : 无效的 JSON 基元: PASS。:String) [], RemoteException
    + FullyQualifiedErrorId : NativeCommandError
 
所在位置 C:\Users\ASUS1\Desktop\1\可嵌入式跨课程AI Agent通用架构平台\edu-platform\test-api.ps1:27 字符: 22
+ $json = $loginResp | ConvertFrom-Json
+                      ~~~~~~~~~~~~~~~~
    + CategoryInfo          : NotSpecified: (:) [ConvertFrom-Json], ArgumentException
    + FullyQualifiedErrorId : System.ArgumentException,Microsoft.PowerShell.Commands.ConvertFromJsonCommand
 
不能对 Null 值表达式调用方法。
所在位置 C:\Users\ASUS1\Desktop\1\可嵌入式跨课程AI Agent通用架构平台\edu-platform\test-api.ps1:29 字符: 24
+ Write-Output "Token: $($token.Substring(0,30))..."
+                        ~~~~~~~~~~~~~~~~~~~~~~
    + CategoryInfo          : InvalidOperation: (:) []，RuntimeException
    + FullyQualifiedErrorId : InvokeMethodOnNull
 
Token: ...
PASS [Get user info] {"code":200,"msg":"操作成功","data":{"id":8,"createBy":"system","createTime":"2026-04-02 20:56:54","updateBy":"system","updateTime":"2026-04-02 20:56:54","remark":null,"deleted":0,"username":"teacher1","password":null,"realName":"Zhang Teacher","role":"teacher","userCode":"T001","avatar":"","phone":"13800001111","email":"teacher@edu.com","status":0},"success":true}
{"code":200,"msg":"操作成功","data":{"id":8,"createBy":"system","createTime":"2026-04-02 20:56:54","updateBy":"system","updateTime":"2026-04-02 20:56:54","remark":null,"deleted":0,"username":"teacher1","password":null,"realName":"Zhang Teacher","role":"teacher","userCode":"T001","avatar":"","phone":"13800001111","email":"teacher@edu.com","status":0},"success":true}

===== COURSE TESTS =====
PASS [Create course] {"code":200,"msg":"操作成功","data":null,"success":true}
{"code":200,"msg":"操作成功","data":null,"success":true}
PASS [List courses] {"code":200,"msg":"操作成功","data":[{"id":10,"createBy":"system","createTime":"2026-04-02 21:28:19","updateBy":"system","updateTime":"2026-04-02 21:28:19","remark":null,"deleted":0,"courseName":"Java Programming","courseCode":"CS101","description":"Intro to Java","coverUrl":"","category":"theory","credit":3.0,"classHours":48,"teacherId":8,"status":"active"},{"id":9,"createBy":"system","createTime":"2026-04-02 21:09:38","updateBy":"system","updateTime":"2026-04-02 21:09:38","remark":null,"deleted":0,"courseName":"Java Programming","courseCode":"CS101","description":"Intro to Java","coverUrl":"","category":"theory","credit":3.0,"classHours":48,"teacherId":8,"status":"active"},{"id":8,"createBy":"system","createTime":"2026-04-02 21:01:40","updateBy":"system","updateTime":"2026-04-02 21:01:40","remark":null,"deleted":0,"courseName":"Java Programming","courseCode":"CS101","description":"Intro to Java","coverUrl":"","category":"theory","credit":3.0,"classHours":48,"teacherId":8,"status":"active"},{"id":7,"createBy":"system","createTime":"2026-04-02 21:01:06","updateBy":"system","updateTime":"2026-04-02 21:01:06","remark":null,"deleted":0,"courseName":"Java Programming","courseCode":"CS101","description":"Intro to Java","coverUrl":"","category":"theory","credit":3.0,"classHours":48,"teacherId":8,"status":"active"},{"id":6,"createBy":"system","createTime":"2026-04-02 21:00:22","updateBy":"system","updateTime":"2026-04-02 21:00:22","remark":null,"deleted":0,"courseName":"Java Programming","courseCode":"CS101","description":"Intro to Java","coverUrl":"","category":"theory","credit":3.0,"classHours":48,"teacherId":8,"status":"active"},{"id":5,"createBy":"system","createTime":"2026-04-02 20:59:43","updateBy":"system","updateTime":"2026-04-02 20:59:43","remark":null,"deleted":0,"courseName":"Java Programming","courseCode":"CS101","description":"Intro to Java","coverUrl":"","category":"theory","credit":3.0,"classHours":48,"teacherId":8,"status":"active"},{"id":4,"createBy":"system","createTime":"2026-04-02 20:59:29","updateBy":"system","updateTime":"2026-04-02 20:59:29","remark":null,"deleted":0,"courseName":"Java Programming","courseCode":"CS101","description":"Intro to Java","coverUrl":"","category":"theory","credit":3.0,"classHours":48,"teacherId":8,"status":"active"},{"id":1,"createBy":null,"createTime":"2026-04-02 19:50:12","updateBy":null,"updateTime":"2026-04-02 19:50:12","remark":null,"deleted":0,"courseName":"Java程序设计","courseCode":null,"description":"本课程系统讲解Java语言基础、面向对象编程、集合框架、多线程、网络编程等核心知识，培养学生的编程能力和软件开发思维。","coverUrl":"","category":null,"credit":null,"classHours":null,"teacherId":2,"status":"active"},{"id":2,"createBy":null,"createTime":"2026-04-02 19:50:12","updateBy":null,"updateTime":"2026-04-02 19:50:12","remark":null,"deleted":0,"courseName":"数据结构与算法","courseCode":null,"description":"本课程讲解常用数据结构（数组、链表、栈、队列、树、图、哈希表）和经典算法（排序、查找、动态规划、贪心算法），培养学生的算法设计与分析能力。","coverUrl":"","category":null,"credit":null,"classHours":null,"teacherId":2,"status":"active"},{"id":3,"createBy":null,"createTime":"2026-04-02 19:50:12","updateBy":null,"updateTime":"2026-04-02 19:50:12","remark":null,"deleted":0,"courseName":"人工智能导论","courseCode":null,"description":"本课程介绍人工智能的基本概念、发展历程、核心技术（机器学习、深度学习、自然语言处理、计算机视觉）及应用场景。","coverUrl":"","category":null,"credit":null,"classHours":null,"teacherId":3,"status":"active"}],"success":true}
{"code":200,"msg":"操作成功","data":[{"id":10,"createBy":"system","createTime":"2026-04-02 21:28:19","updateBy":"system","updateTime":"2026-04-02 21:28:19","remark":null,"deleted":0,"courseName":"Java Programming","courseCode":"CS101","description":"Intro to Java","coverUrl":"","category":"theory","credit":3.0,"classHours":48,"teacherId":8,"status":"active"},{"id":9,"createBy":"system","createTime":"2026-04-02 21:09:38","updateBy":"system","updateTime":"2026-04-02 21:09:38","remark":null,"deleted":0,"courseName":"Java Programming","courseCode":"CS101","description":"Intro to Java","coverUrl":"","category":"theory","credit":3.0,"classHours":48,"teacherId":8,"status":"active"},{"id":8,"createBy":"system","createTime":"2026-04-02 21:01:40","updateBy":"system","updateTime":"2026-04-02 21:01:40","remark":null,"deleted":0,"courseName":"Java Programming","courseCode":"CS101","description":"Intro to Java","coverUrl":"","category":"theory","credit":3.0,"classHours":48,"teacherId":8,"status":"active"},{"id":7,"createBy":"system","createTime":"2026-04-02 21:01:06","updateBy":"system","updateTime":"2026-04-02 21:01:06","remark":null,"deleted":0,"courseName":"Java Programming","courseCode":"CS101","description":"Intro to Java","coverUrl":"","category":"theory","credit":3.0,"classHours":48,"teacherId":8,"status":"active"},{"id":6,"createBy":"system","createTime":"2026-04-02 21:00:22","updateBy":"system","updateTime":"2026-04-02 21:00:22","remark":null,"deleted":0,"courseName":"Java Programming","courseCode":"CS101","description":"Intro to Java","coverUrl":"","category":"theory","credit":3.0,"classHours":48,"teacherId":8,"status":"active"},{"id":5,"createBy":"system","createTime":"2026-04-02 20:59:43","updateBy":"system","updateTime":"2026-04-02 20:59:43","remark":null,"deleted":0,"courseName":"Java Programming","courseCode":"CS101","description":"Intro to Java","coverUrl":"","category":"theory","credit":3.0,"classHours":48,"teacherId":8,"status":"active"},{"id":4,"createBy":"system","createTime":"2026-04-02 20:59:29","updateBy":"system","updateTime":"2026-04-02 20:59:29","remark":null,"deleted":0,"courseName":"Java Programming","courseCode":"CS101","description":"Intro to Java","coverUrl":"","category":"theory","credit":3.0,"classHours":48,"teacherId":8,"status":"active"},{"id":1,"createBy":null,"createTime":"2026-04-02 19:50:12","updateBy":null,"updateTime":"2026-04-02 19:50:12","remark":null,"deleted":0,"courseName":"Java程序设计","courseCode":null,"description":"本课程系统讲解Java语言基础、面向对象编程、集合框架、多线程、网络编程等核心知识，培养学生的编程能力和软件开发思维。","coverUrl":"","category":null,"credit":null,"classHours":null,"teacherId":2,"status":"active"},{"id":2,"createBy":null,"createTime":"2026-04-02 19:50:12","updateBy":null,"updateTime":"2026-04-02 19:50:12","remark":null,"deleted":0,"courseName":"数据结构与算法","courseCode":null,"description":"本课程讲解常用数据结构（数组、链表、栈、队列、树、图、哈希表）和经典算法（排序、查找、动态规划、贪心算法），培养学生的算法设计与分析能力。","coverUrl":"","category":null,"credit":null,"classHours":null,"teacherId":2,"status":"active"},{"id":3,"createBy":null,"createTime":"2026-04-02 19:50:12","updateBy":null,"updateTime":"2026-04-02 19:50:12","remark":null,"deleted":0,"courseName":"人工智能导论","courseCode":null,"description":"本课程介绍人工智能的基本概念、发展历程、核心技术（机器学习、深度学习、自然语言处理、计算机视觉）及应用场景。","coverUrl":"","category":null,"credit":null,"classHours":null,"teacherId":3,"status":"active"}],"success":true}
PASS [Page courses] {"code":200,"msg":"操作成功","data":{"records":[{"id":10,"createBy":"system","createTime":"2026-04-02 21:28:19","updateBy":"system","updateTime":"2026-04-02 21:28:19","remark":null,"deleted":0,"courseName":"Java Programming","courseCode":"CS101","description":"Intro to Java","coverUrl":"","category":"theory","credit":3.0,"classHours":48,"teacherId":8,"status":"active"},{"id":9,"createBy":"system","createTime":"2026-04-02 21:09:38","updateBy":"system","updateTime":"2026-04-02 21:09:38","remark":null,"deleted":0,"courseName":"Java Programming","courseCode":"CS101","description":"Intro to Java","coverUrl":"","category":"theory","credit":3.0,"classHours":48,"teacherId":8,"status":"active"},{"id":8,"createBy":"system","createTime":"2026-04-02 21:01:40","updateBy":"system","updateTime":"2026-04-02 21:01:40","remark":null,"deleted":0,"courseName":"Java Programming","courseCode":"CS101","description":"Intro to Java","coverUrl":"","category":"theory","credit":3.0,"classHours":48,"teacherId":8,"status":"active"},{"id":7,"createBy":"system","createTime":"2026-04-02 21:01:06","updateBy":"system","updateTime":"2026-04-02 21:01:06","remark":null,"deleted":0,"courseName":"Java Programming","courseCode":"CS101","description":"Intro to Java","coverUrl":"","category":"theory","credit":3.0,"classHours":48,"teacherId":8,"status":"active"},{"id":6,"createBy":"system","createTime":"2026-04-02 21:00:22","updateBy":"system","updateTime":"2026-04-02 21:00:22","remark":null,"deleted":0,"courseName":"Java Programming","courseCode":"CS101","description":"Intro to Java","coverUrl":"","category":"theory","credit":3.0,"classHours":48,"teacherId":8,"status":"active"},{"id":5,"createBy":"system","createTime":"2026-04-02 20:59:43","updateBy":"system","updateTime":"2026-04-02 20:59:43","remark":null,"deleted":0,"courseName":"Java Programming","courseCode":"CS101","description":"Intro to Java","coverUrl":"","category":"theory","credit":3.0,"classHours":48,"teacherId":8,"status":"active"},{"id":4,"createBy":"system","createTime":"2026-04-02 20:59:29","updateBy":"system","updateTime":"2026-04-02 20:59:29","remark":null,"deleted":0,"courseName":"Java Programming","courseCode":"CS101","description":"Intro to Java","coverUrl":"","category":"theory","credit":3.0,"classHours":48,"teacherId":8,"status":"active"},{"id":1,"createBy":null,"createTime":"2026-04-02 19:50:12","updateBy":null,"updateTime":"2026-04-02 19:50:12","remark":null,"deleted":0,"courseName":"Java程序设计","courseCode":null,"description":"本课程系统讲解Java语言基础、面向对象编程、集合框架、多线程、网络编程等核心知识，培养学生的编程能力和软件开发思维。","coverUrl":"","category":null,"credit":null,"classHours":null,"teacherId":2,"status":"active"},{"id":2,"createBy":null,"createTime":"2026-04-02 19:50:12","updateBy":null,"updateTime":"2026-04-02 19:50:12","remark":null,"deleted":0,"courseName":"数据结构与算法","courseCode":null,"description":"本课程讲解常用数据结构（数组、链表、栈、队列、树、图、哈希表）和经典算法（排序、查找、动态规划、贪心算法），培养学生的算法设计与分析能力。","coverUrl":"","category":null,"credit":null,"classHours":null,"teacherId":2,"status":"active"},{"id":3,"createBy":null,"createTime":"2026-04-02 19:50:12","updateBy":null,"updateTime":"2026-04-02 19:50:12","remark":null,"deleted":0,"courseName":"人工智能导论","courseCode":null,"description":"本课程介绍人工智能的基本概念、发展历程、核心技术（机器学习、深度学习、自然语言处理、计算机视觉）及应用场景。","coverUrl":"","category":null,"credit":null,"classHours":null,"teacherId":3,"status":"active"}],"total":10,"pageNum":1,"pageSize":10},"success":true}
{"code":200,"msg":"操作成功","data":{"records":[{"id":10,"createBy":"system","createTime":"2026-04-02 21:28:19","updateBy":"system","updateTime":"2026-04-02 21:28:19","remark":null,"deleted":0,"courseName":"Java Programming","courseCode":"CS101","description":"Intro to Java","coverUrl":"","category":"theory","credit":3.0,"classHours":48,"teacherId":8,"status":"active"},{"id":9,"createBy":"system","createTime":"2026-04-02 21:09:38","updateBy":"system","updateTime":"2026-04-02 21:09:38","remark":null,"deleted":0,"courseName":"Java Programming","courseCode":"CS101","description":"Intro to Java","coverUrl":"","category":"theory","credit":3.0,"classHours":48,"teacherId":8,"status":"active"},{"id":8,"createBy":"system","createTime":"2026-04-02 21:01:40","updateBy":"system","updateTime":"2026-04-02 21:01:40","remark":null,"deleted":0,"courseName":"Java Programming","courseCode":"CS101","description":"Intro to Java","coverUrl":"","category":"theory","credit":3.0,"classHours":48,"teacherId":8,"status":"active"},{"id":7,"createBy":"system","createTime":"2026-04-02 21:01:06","updateBy":"system","updateTime":"2026-04-02 21:01:06","remark":null,"deleted":0,"courseName":"Java Programming","courseCode":"CS101","description":"Intro to Java","coverUrl":"","category":"theory","credit":3.0,"classHours":48,"teacherId":8,"status":"active"},{"id":6,"createBy":"system","createTime":"2026-04-02 21:00:22","updateBy":"system","updateTime":"2026-04-02 21:00:22","remark":null,"deleted":0,"courseName":"Java Programming","courseCode":"CS101","description":"Intro to Java","coverUrl":"","category":"theory","credit":3.0,"classHours":48,"teacherId":8,"status":"active"},{"id":5,"createBy":"system","createTime":"2026-04-02 20:59:43","updateBy":"system","updateTime":"2026-04-02 20:59:43","remark":null,"deleted":0,"courseName":"Java Programming","courseCode":"CS101","description":"Intro to Java","coverUrl":"","category":"theory","credit":3.0,"classHours":48,"teacherId":8,"status":"active"},{"id":4,"createBy":"system","createTime":"2026-04-02 20:59:29","updateBy":"system","updateTime":"2026-04-02 20:59:29","remark":null,"deleted":0,"courseName":"Java Programming","courseCode":"CS101","description":"Intro to Java","coverUrl":"","category":"theory","credit":3.0,"classHours":48,"teacherId":8,"status":"active"},{"id":1,"createBy":null,"createTime":"2026-04-02 19:50:12","updateBy":null,"updateTime":"2026-04-02 19:50:12","remark":null,"deleted":0,"courseName":"Java程序设计","courseCode":null,"description":"本课程系统讲解Java语言基础、面向对象编程、集合框架、多线程、网络编程等核心知识，培养学生的编程能力和软件开发思维。","coverUrl":"","category":null,"credit":null,"classHours":null,"teacherId":2,"status":"active"},{"id":2,"createBy":null,"createTime":"2026-04-02 19:50:12","updateBy":null,"updateTime":"2026-04-02 19:50:12","remark":null,"deleted":0,"courseName":"数据结构与算法","courseCode":null,"description":"本课程讲解常用数据结构（数组、链表、栈、队列、树、图、哈希表）和经典算法（排序、查找、动态规划、贪心算法），培养学生的算法设计与分析能力。","coverUrl":"","category":null,"credit":null,"classHours":null,"teacherId":2,"status":"active"},{"id":3,"createBy":null,"createTime":"2026-04-02 19:50:12","updateBy":null,"updateTime":"2026-04-02 19:50:12","remark":null,"deleted":0,"courseName":"人工智能导论","courseCode":null,"description":"本课程介绍人工智能的基本概念、发展历程、核心技术（机器学习、深度学习、自然语言处理、计算机视觉）及应用场景。","coverUrl":"","category":null,"credit":null,"classHours":null,"teacherId":3,"status":"active"}],"total":10,"pageNum":1,"pageSize":10},"success":true}
PASS [My courses] {"code":200,"msg":"操作成功","data":[{"id":10,"createBy":"system","createTime":"2026-04-02 21:28:19","updateBy":"system","updateTime":"2026-04-02 21:28:19","remark":null,"deleted":0,"courseName":"Java Programming","courseCode":"CS101","description":"Intro to Java","coverUrl":"","category":"theory","credit":3.0,"classHours":48,"teacherId":8,"status":"active"},{"id":9,"createBy":"system","createTime":"2026-04-02 21:09:38","updateBy":"system","updateTime":"2026-04-02 21:09:38","remark":null,"deleted":0,"courseName":"Java Programming","courseCode":"CS101","description":"Intro to Java","coverUrl":"","category":"theory","credit":3.0,"classHours":48,"teacherId":8,"status":"active"},{"id":8,"createBy":"system","createTime":"2026-04-02 21:01:40","updateBy":"system","updateTime":"2026-04-02 21:01:40","remark":null,"deleted":0,"courseName":"Java Programming","courseCode":"CS101","description":"Intro to Java","coverUrl":"","category":"theory","credit":3.0,"classHours":48,"teacherId":8,"status":"active"},{"id":7,"createBy":"system","createTime":"2026-04-02 21:01:06","updateBy":"system","updateTime":"2026-04-02 21:01:06","remark":null,"deleted":0,"courseName":"Java Programming","courseCode":"CS101","description":"Intro to Java","coverUrl":"","category":"theory","credit":3.0,"classHours":48,"teacherId":8,"status":"active"},{"id":6,"createBy":"system","createTime":"2026-04-02 21:00:22","updateBy":"system","updateTime":"2026-04-02 21:00:22","remark":null,"deleted":0,"courseName":"Java Programming","courseCode":"CS101","description":"Intro to Java","coverUrl":"","category":"theory","credit":3.0,"classHours":48,"teacherId":8,"status":"active"},{"id":5,"createBy":"system","createTime":"2026-04-02 20:59:43","updateBy":"system","updateTime":"2026-04-02 20:59:43","remark":null,"deleted":0,"courseName":"Java Programming","courseCode":"CS101","description":"Intro to Java","coverUrl":"","category":"theory","credit":3.0,"classHours":48,"teacherId":8,"status":"active"},{"id":4,"createBy":"system","createTime":"2026-04-02 20:59:29","updateBy":"system","updateTime":"2026-04-02 20:59:29","remark":null,"deleted":0,"courseName":"Java Programming","courseCode":"CS101","description":"Intro to Java","coverUrl":"","category":"theory","credit":3.0,"classHours":48,"teacherId":8,"status":"active"}],"success":true}
{"code":200,"msg":"操作成功","data":[{"id":10,"createBy":"system","createTime":"2026-04-02 21:28:19","updateBy":"system","updateTime":"2026-04-02 21:28:19","remark":null,"deleted":0,"courseName":"Java Programming","courseCode":"CS101","description":"Intro to Java","coverUrl":"","category":"theory","credit":3.0,"classHours":48,"teacherId":8,"status":"active"},{"id":9,"createBy":"system","createTime":"2026-04-02 21:09:38","updateBy":"system","updateTime":"2026-04-02 21:09:38","remark":null,"deleted":0,"courseName":"Java Programming","courseCode":"CS101","description":"Intro to Java","coverUrl":"","category":"theory","credit":3.0,"classHours":48,"teacherId":8,"status":"active"},{"id":8,"createBy":"system","createTime":"2026-04-02 21:01:40","updateBy":"system","updateTime":"2026-04-02 21:01:40","remark":null,"deleted":0,"courseName":"Java Programming","courseCode":"CS101","description":"Intro to Java","coverUrl":"","category":"theory","credit":3.0,"classHours":48,"teacherId":8,"status":"active"},{"id":7,"createBy":"system","createTime":"2026-04-02 21:01:06","updateBy":"system","updateTime":"2026-04-02 21:01:06","remark":null,"deleted":0,"courseName":"Java Programming","courseCode":"CS101","description":"Intro to Java","coverUrl":"","category":"theory","credit":3.0,"classHours":48,"teacherId":8,"status":"active"},{"id":6,"createBy":"system","createTime":"2026-04-02 21:00:22","updateBy":"system","updateTime":"2026-04-02 21:00:22","remark":null,"deleted":0,"courseName":"Java Programming","courseCode":"CS101","description":"Intro to Java","coverUrl":"","category":"theory","credit":3.0,"classHours":48,"teacherId":8,"status":"active"},{"id":5,"createBy":"system","createTime":"2026-04-02 20:59:43","updateBy":"system","updateTime":"2026-04-02 20:59:43","remark":null,"deleted":0,"courseName":"Java Programming","courseCode":"CS101","description":"Intro to Java","coverUrl":"","category":"theory","credit":3.0,"classHours":48,"teacherId":8,"status":"active"},{"id":4,"createBy":"system","createTime":"2026-04-02 20:59:29","updateBy":"system","updateTime":"2026-04-02 20:59:29","remark":null,"deleted":0,"courseName":"Java Programming","courseCode":"CS101","description":"Intro to Java","coverUrl":"","category":"theory","credit":3.0,"classHours":48,"teacherId":8,"status":"active"}],"success":true}

===== CLASS GROUP TESTS =====
PASS [Create class] {"code":200,"msg":"操作成功","data":null,"success":true}
{"code":200,"msg":"操作成功","data":null,"success":true}
PASS [Page classes] {"code":200,"msg":"操作成功","data":{"records":[{"id":8,"createBy":"system","createTime":"2026-04-02 21:28:19","updateBy":"system","updateTime":"2026-04-02 21:28:19","remark":null,"deleted":0,"className":"Java Class A","courseId":1,"teacherId":8,"semester":"2025-2026-1","studentCount":0,"status":0},{"id":7,"createBy":"system","createTime":"2026-04-02 21:09:39","updateBy":"system","updateTime":"2026-04-02 21:09:39","remark":null,"deleted":0,"className":"Java Class A","courseId":1,"teacherId":8,"semester":"2025-2026-1","studentCount":0,"status":0},{"id":6,"createBy":"system","createTime":"2026-04-02 21:01:40","updateBy":"system","updateTime":"2026-04-02 21:01:40","remark":null,"deleted":0,"className":"Java Class A","courseId":1,"teacherId":8,"semester":"2025-2026-1","studentCount":0,"status":0},{"id":5,"createBy":"system","createTime":"2026-04-02 21:01:06","updateBy":"system","updateTime":"2026-04-02 21:01:06","remark":null,"deleted":0,"className":"Java Class A","courseId":1,"teacherId":8,"semester":"2025-2026-1","studentCount":0,"status":0},{"id":4,"createBy":"system","createTime":"2026-04-02 21:00:22","updateBy":"system","updateTime":"2026-04-02 21:00:22","remark":null,"deleted":0,"className":"Java Class A","courseId":1,"teacherId":8,"semester":"2025-2026-1","studentCount":0,"status":0},{"id":1,"createBy":null,"createTime":"2026-04-02 19:50:12","updateBy":null,"updateTime":"2026-04-02 19:50:12","remark":null,"deleted":0,"className":"Java程序设计-2024秋季班","courseId":1,"teacherId":2,"semester":null,"studentCount":4,"status":0},{"id":2,"createBy":null,"createTime":"2026-04-02 19:50:12","updateBy":null,"updateTime":"2026-04-02 19:50:12","remark":null,"deleted":0,"className":"数据结构-2024秋季班","courseId":2,"teacherId":2,"semester":null,"studentCount":3,"status":0},{"id":3,"createBy":null,"createTime":"2026-04-02 19:50:12","updateBy":null,"updateTime":"2026-04-02 19:50:12","remark":null,"deleted":0,"className":"AI导论-2024秋季班","courseId":3,"teacherId":3,"semester":null,"studentCount":4,"status":0}],"total":8,"pageNum":1,"pageSize":10},"success":true}
{"code":200,"msg":"操作成功","data":{"records":[{"id":8,"createBy":"system","createTime":"2026-04-02 21:28:19","updateBy":"system","updateTime":"2026-04-02 21:28:19","remark":null,"deleted":0,"className":"Java Class A","courseId":1,"teacherId":8,"semester":"2025-2026-1","studentCount":0,"status":0},{"id":7,"createBy":"system","createTime":"2026-04-02 21:09:39","updateBy":"system","updateTime":"2026-04-02 21:09:39","remark":null,"deleted":0,"className":"Java Class A","courseId":1,"teacherId":8,"semester":"2025-2026-1","studentCount":0,"status":0},{"id":6,"createBy":"system","createTime":"2026-04-02 21:01:40","updateBy":"system","updateTime":"2026-04-02 21:01:40","remark":null,"deleted":0,"className":"Java Class A","courseId":1,"teacherId":8,"semester":"2025-2026-1","studentCount":0,"status":0},{"id":5,"createBy":"system","createTime":"2026-04-02 21:01:06","updateBy":"system","updateTime":"2026-04-02 21:01:06","remark":null,"deleted":0,"className":"Java Class A","courseId":1,"teacherId":8,"semester":"2025-2026-1","studentCount":0,"status":0},{"id":4,"createBy":"system","createTime":"2026-04-02 21:00:22","updateBy":"system","updateTime":"2026-04-02 21:00:22","remark":null,"deleted":0,"className":"Java Class A","courseId":1,"teacherId":8,"semester":"2025-2026-1","studentCount":0,"status":0},{"id":1,"createBy":null,"createTime":"2026-04-02 19:50:12","updateBy":null,"updateTime":"2026-04-02 19:50:12","remark":null,"deleted":0,"className":"Java程序设计-2024秋季班","courseId":1,"teacherId":2,"semester":null,"studentCount":4,"status":0},{"id":2,"createBy":null,"createTime":"2026-04-02 19:50:12","updateBy":null,"updateTime":"2026-04-02 19:50:12","remark":null,"deleted":0,"className":"数据结构-2024秋季班","courseId":2,"teacherId":2,"semester":null,"studentCount":3,"status":0},{"id":3,"createBy":null,"createTime":"2026-04-02 19:50:12","updateBy":null,"updateTime":"2026-04-02 19:50:12","remark":null,"deleted":0,"className":"AI导论-2024秋季班","courseId":3,"teacherId":3,"semester":null,"studentCount":4,"status":0}],"total":8,"pageNum":1,"pageSize":10},"success":true}
PASS [Add student to class] {"code":200,"msg":"操作成功","data":null,"success":true}
{"code":200,"msg":"操作成功","data":null,"success":true}

===== ASSIGNMENT TESTS =====
PASS [Create assignment] {"code":200,"msg":"操作成功","data":null,"success":true}
{"code":200,"msg":"操作成功","data":null,"success":true}
PASS [Page assignments] {"code":200,"msg":"操作成功","data":{"records":[{"id":9,"createBy":"system","createTime":"2026-04-02 21:28:19","updateBy":"system","updateTime":"2026-04-02 21:28:19","remark":null,"deleted":0,"title":"Java Basics HW","description":"Complete exercises","courseId":1,"classId":1,"teacherId":8,"assignmentType":"text","knowledgePointIds":null,"deadline":"2026-12-31 23:59:59","totalScore":100,"status":"published","aiGradingEnabled":false},{"id":8,"createBy":"system","createTime":"2026-04-02 21:09:39","updateBy":"system","updateTime":"2026-04-02 21:09:39","remark":null,"deleted":0,"title":"Java Basics HW","description":"Complete exercises","courseId":1,"classId":1,"teacherId":8,"assignmentType":"text","knowledgePointIds":null,"deadline":"2026-12-31 23:59:59","totalScore":100,"status":"published","aiGradingEnabled":false},{"id":7,"createBy":"system","createTime":"2026-04-02 21:01:41","updateBy":"system","updateTime":"2026-04-02 21:01:41","remark":null,"deleted":0,"title":"Java Basics HW","description":"Complete exercises","courseId":1,"classId":1,"teacherId":8,"assignmentType":"text","knowledgePointIds":null,"deadline":"2026-12-31 23:59:59","totalScore":100,"status":"published","aiGradingEnabled":false},{"id":6,"createBy":"system","createTime":"2026-04-02 21:01:06","updateBy":"system","updateTime":"2026-04-02 21:01:06","remark":null,"deleted":0,"title":"Java Basics HW","description":"Complete exercises","courseId":1,"classId":1,"teacherId":8,"assignmentType":"text","knowledgePointIds":null,"deadline":"2026-12-31 23:59:59","totalScore":100,"status":"published","aiGradingEnabled":false},{"id":5,"createBy":"system","createTime":"2026-04-02 21:00:22","updateBy":"system","updateTime":"2026-04-02 21:00:22","remark":null,"deleted":0,"title":"Java Basics HW","description":"Complete exercises","courseId":1,"classId":1,"teacherId":8,"assignmentType":"text","knowledgePointIds":null,"deadline":"2026-12-31 23:59:59","totalScore":100,"status":"published","aiGradingEnabled":false},{"id":1,"createBy":null,"createTime":"2026-04-02 19:50:12","updateBy":null,"updateTime":"2026-04-02 19:50:12","remark":null,"deleted":0,"title":"Java基础语法练习","description":"请完成以下Java基础语法题目，包括变量定义、类型转换和流程控制。","courseId":1,"classId":1,"teacherId":2,"assignmentType":"text","knowledgePointIds":null,"deadline":null,"totalScore":100,"status":"published","aiGradingEnabled":false},{"id":2,"createBy":null,"createTime":"2026-04-02 19:50:12","updateBy":null,"updateTime":"2026-04-02 19:50:12","remark":null,"deleted":0,"title":"面向对象编程实践","description":"设计一个学生管理系统，要求使用类、继承、接口等OOP特性。","courseId":1,"classId":1,"teacherId":2,"assignmentType":"code","knowledgePointIds":null,"deadline":null,"totalScore":100,"status":"published","aiGradingEnabled":false},{"id":3,"createBy":null,"createTime":"2026-04-02 19:50:12","updateBy":null,"updateTime":"2026-04-02 19:50:12","remark":null,"deleted":0,"title":"链表操作实现","description":"实现单链表的增删改查操作，并分析时间复杂度。","courseId":2,"classId":2,"teacherId":2,"assignmentType":"code","knowledgePointIds":null,"deadline":null,"totalScore":100,"status":"published","aiGradingEnabled":false},{"id":4,"createBy":null,"createTime":"2026-04-02 19:50:12","updateBy":null,"updateTime":"2026-04-02 19:50:12","remark":null,"deleted":0,"title":"机器学习概念理解","description":"请简述监督学习和无监督学习的区别，并各举两个应用实例。","courseId":3,"classId":3,"teacherId":3,"assignmentType":"text","knowledgePointIds":null,"deadline":null,"totalScore":100,"status":"published","aiGradingEnabled":false}],"total":9,"pageNum":1,"pageSize":10},"success":true}
{"code":200,"msg":"操作成功","data":{"records":[{"id":9,"createBy":"system","createTime":"2026-04-02 21:28:19","updateBy":"system","updateTime":"2026-04-02 21:28:19","remark":null,"deleted":0,"title":"Java Basics HW","description":"Complete exercises","courseId":1,"classId":1,"teacherId":8,"assignmentType":"text","knowledgePointIds":null,"deadline":"2026-12-31 23:59:59","totalScore":100,"status":"published","aiGradingEnabled":false},{"id":8,"createBy":"system","createTime":"2026-04-02 21:09:39","updateBy":"system","updateTime":"2026-04-02 21:09:39","remark":null,"deleted":0,"title":"Java Basics HW","description":"Complete exercises","courseId":1,"classId":1,"teacherId":8,"assignmentType":"text","knowledgePointIds":null,"deadline":"2026-12-31 23:59:59","totalScore":100,"status":"published","aiGradingEnabled":false},{"id":7,"createBy":"system","createTime":"2026-04-02 21:01:41","updateBy":"system","updateTime":"2026-04-02 21:01:41","remark":null,"deleted":0,"title":"Java Basics HW","description":"Complete exercises","courseId":1,"classId":1,"teacherId":8,"assignmentType":"text","knowledgePointIds":null,"deadline":"2026-12-31 23:59:59","totalScore":100,"status":"published","aiGradingEnabled":false},{"id":6,"createBy":"system","createTime":"2026-04-02 21:01:06","updateBy":"system","updateTime":"2026-04-02 21:01:06","remark":null,"deleted":0,"title":"Java Basics HW","description":"Complete exercises","courseId":1,"classId":1,"teacherId":8,"assignmentType":"text","knowledgePointIds":null,"deadline":"2026-12-31 23:59:59","totalScore":100,"status":"published","aiGradingEnabled":false},{"id":5,"createBy":"system","createTime":"2026-04-02 21:00:22","updateBy":"system","updateTime":"2026-04-02 21:00:22","remark":null,"deleted":0,"title":"Java Basics HW","description":"Complete exercises","courseId":1,"classId":1,"teacherId":8,"assignmentType":"text","knowledgePointIds":null,"deadline":"2026-12-31 23:59:59","totalScore":100,"status":"published","aiGradingEnabled":false},{"id":1,"createBy":null,"createTime":"2026-04-02 19:50:12","updateBy":null,"updateTime":"2026-04-02 19:50:12","remark":null,"deleted":0,"title":"Java基础语法练习","description":"请完成以下Java基础语法题目，包括变量定义、类型转换和流程控制。","courseId":1,"classId":1,"teacherId":2,"assignmentType":"text","knowledgePointIds":null,"deadline":null,"totalScore":100,"status":"published","aiGradingEnabled":false},{"id":2,"createBy":null,"createTime":"2026-04-02 19:50:12","updateBy":null,"updateTime":"2026-04-02 19:50:12","remark":null,"deleted":0,"title":"面向对象编程实践","description":"设计一个学生管理系统，要求使用类、继承、接口等OOP特性。","courseId":1,"classId":1,"teacherId":2,"assignmentType":"code","knowledgePointIds":null,"deadline":null,"totalScore":100,"status":"published","aiGradingEnabled":false},{"id":3,"createBy":null,"createTime":"2026-04-02 19:50:12","updateBy":null,"updateTime":"2026-04-02 19:50:12","remark":null,"deleted":0,"title":"链表操作实现","description":"实现单链表的增删改查操作，并分析时间复杂度。","courseId":2,"classId":2,"teacherId":2,"assignmentType":"code","knowledgePointIds":null,"deadline":null,"totalScore":100,"status":"published","aiGradingEnabled":false},{"id":4,"createBy":null,"createTime":"2026-04-02 19:50:12","updateBy":null,"updateTime":"2026-04-02 19:50:12","remark":null,"deleted":0,"title":"机器学习概念理解","description":"请简述监督学习和无监督学习的区别，并各举两个应用实例。","courseId":3,"classId":3,"teacherId":3,"assignmentType":"text","knowledgePointIds":null,"deadline":null,"totalScore":100,"status":"published","aiGradingEnabled":false}],"total":9,"pageNum":1,"pageSize":10},"success":true}

===== KNOWLEDGE TESTS =====
PASS [Page documents] {"code":200,"msg":"操作成功","data":{"records":[],"total":0,"pageNum":0,"pageSize":0},"success":true}
{"code":200,"msg":"操作成功","data":{"records":[],"total":0,"pageNum":0,"pageSize":0},"success":true}
PASS [Search knowledge] {"code":200,"msg":"操作成功","data":[],"success":true}
{"code":200,"msg":"操作成功","data":[],"success":true}

===== AGENT TESTS =====
PASS [QA ask-simple] {"code":500,"msg":"系统内部错误，请联系管理员","data":null,"success":false}
{"code":500,"msg":"系统内部错误，请联系管理员","data":null,"success":false}

===== GATEWAY ROUTING TESTS =====
ConvertFrom-Json : 无效的 JSON 基元: PASS。
所在位置 C:\Users\ASUS1\Desktop\1\可嵌入式跨课程AI Agent通用架构平台\edu-platform\test-api.ps1:63 字符: 22
+ $gwJson = $gwLogin | ConvertFrom-Json
+                      ~~~~~~~~~~~~~~~~
    + CategoryInfo          : NotSpecified: (:) [ConvertFrom-Json], ArgumentException
    + FullyQualifiedErrorId : System.ArgumentException,Microsoft.PowerShell.Commands.ConvertFromJsonCommand
 
FAIL [GW->System courses] {"code":401,"msg":"认证令牌无效或已过期","data":null}
FAIL [GW->Knowledge docs] {"code":401,"msg":"认证令牌无效或已过期","data":null}
FAIL [GW->Agent qa] {"code":401,"msg":"认证令牌无效或已过期","data":null}

===== ALL TESTS DONE =====
